commit:
verify changes list
either add one at a time
$ git add <filePath>
or add $ git add -A
$ git commit -m "my message about the changes(added saving history functionality)"
$ git push

branches:
$ git checkout main
$ git pull
$ git checkout -b <newBranchName>
commit to the branch until its ready to merge to the main branch
$ git push
if its the first time it'll give an error and the command to fix it
copy and paste the command (example: git push --set-upstream origin dev)